=== Report 2026-07-23 ===
Valore portafoglio: 4996.25 coin (capitale iniziale 5000)
P&L da inizio: -3.75 coin
P&L oggi: +0.00 coin
P&L mese in corso: +0.00 coin (target 1000)
Stipendio accumulato: 0.00 coin | Bonus accumulato: 0.00 coin
Posizioni aperte: 10 (5 long / 5 short)
Prossimo ribilanciamento tra 21 sessioni di borsa
RIBILANCIAMENTO (2026-07-22): capitale 5000.00 coin, costo transazione 3.75 coin.
  Long (5): DKS, PWR, RL, STX, WDC
  Short (5): CF, CFG, DVN, FITB, OVV

=== Report 2026-07-26 ===
Valore portafoglio: nan coin (capitale iniziale 5000)
P&L da inizio: +nan coin
P&L oggi: +nan coin
P&L mese in corso: +nan coin (target 1000)
Stipendio accumulato: 0.00 coin | Bonus accumulato: 0.00 coin
Posizioni aperte: 10 (5 long / 5 short)
Prossimo ribilanciamento tra 20 sessioni di borsa

=== Report 2026-07-29 ===
Valore portafoglio: 4996.25 coin (capitale iniziale 5000)
P&L da inizio: -3.75 coin
P&L oggi: +0.00 coin
P&L mese in corso: +0.00 coin (target 1000)
Stipendio accumulato: 0.00 coin | Bonus accumulato: 0.00 coin
Posizioni aperte: 10 (5 long / 5 short)
Prossimo ribilanciamento tra 19 sessioni di borsa

=== Report 2026-07-31 ===
Valore portafoglio: 4948.83 coin (capitale iniziale 5000)
P&L da inizio: -51.17 coin
P&L oggi: +0.00 coin
P&L mese in corso: -47.42 coin (target 1000)
Stipendio accumulato: 0.00 coin | Bonus accumulato: 0.00 coin
Posizioni aperte: 10 (5 long / 5 short)
Prossimo ribilanciamento tra 18 sessioni di borsa

=== Report 2026-08-02 ===
Valore portafoglio: 4938.44 coin (capitale iniziale 5000)
P&L da inizio: -61.56 coin
P&L oggi: +0.00 coin
P&L mese in corso: +0.00 coin (target 1000)
Stipendio accumulato: 20.00 coin | Bonus accumulato: 0.00 coin
Posizioni aperte: 10 (5 long / 5 short)
Prossimo ribilanciamento tra 17 sessioni di borsa
Stipendio 2026-07: +20.00 coin accreditati (contatore separato).
Target NON raggiunto per 2026-07 (P&L -51.17 < 1000): nessun bonus.

=== Report 2026-08-06 ===
Valore portafoglio: 4947.52 coin (capitale iniziale 5000)
P&L da inizio: -52.48 coin
P&L oggi: +0.00 coin
P&L mese in corso: +9.08 coin (target 1000)
Stipendio accumulato: 20.00 coin | Bonus accumulato: 0.00 coin
Posizioni aperte: 10 (5 long / 5 short)
Prossimo ribilanciamento tra 16 sessioni di borsa

=== Report 2026-08-07 ===
Valore portafoglio: 4949.12 coin (capitale iniziale 5000)
P&L da inizio: -50.88 coin
P&L oggi: +0.00 coin
P&L mese in corso: +10.68 coin (target 1000)
Stipendio accumulato: 20.00 coin | Bonus accumulato: 0.00 coin
Posizioni aperte: 10 (5 long / 5 short)
Prossimo ribilanciamento tra 15 sessioni di borsa

=== Report 2026-08-12 ===
Valore portafoglio: 4872.35 coin (capitale iniziale 5000)
P&L da inizio: -127.65 coin
P&L oggi: +0.00 coin
P&L mese in corso: -66.10 coin (target 1000)
Stipendio accumulato: 20.00 coin | Bonus accumulato: 0.00 coin
Posizioni aperte: 10 (5 long / 5 short)
Prossimo ribilanciamento tra 14 sessioni di borsa

=== Report 2026-08-13 ===
Valore portafoglio: 4963.06 coin (capitale iniziale 5000)
P&L da inizio: -36.94 coin
P&L oggi: +0.00 coin
P&L mese in corso: +24.62 coin (target 1000)
Stipendio accumulato: 20.00 coin | Bonus accumulato: 0.00 coin
Posizioni aperte: 10 (5 long / 5 short)
Prossimo ribilanciamento tra 13 sessioni di borsa

=== Report 2026-08-15 ===
Valore portafoglio: 4990.06 coin (capitale iniziale 5000)
P&L da inizio: -9.94 coin
P&L oggi: +0.00 coin
P&L mese in corso: +51.62 coin (target 1000)
Stipendio accumulato: 20.00 coin | Bonus accumulato: 0.00 coin
Posizioni aperte: 10 (5 long / 5 short)
Prossimo ribilanciamento tra 12 sessioni di borsa

=== Report 2026-08-21 ===
Valore portafoglio: 4761.16 coin (capitale iniziale 5000)
P&L da inizio: -238.84 coin
P&L oggi: +0.00 coin
P&L mese in corso: -177.28 coin (target 1000)
Stipendio accumulato: 20.00 coin | Bonus accumulato: 0.00 coin
Posizioni aperte: 10 (5 long / 5 short)
Prossimo ribilanciamento tra 11 sessioni di borsa

